  Individuazione dei progetti da ripristinare...
  Tutti i progetti sono aggiornati per il ripristino.
  Pollon.Backoffice -> C:\Users\user\source\repos\Pollon\Pollon.Backoffice\bin\Debug\net10.0\Pollon.Backoffice.dll
  Pollon.ServiceDefaults -> C:\Users\user\source\repos\Pollon\Pollon.ServiceDefaults\bin\Debug\net10.0\Pollon.ServiceDefaults.dll
C:\Users\user\source\repos\Pollon\Pollon.Backoffice.Web\Components\Pages\ContentItems.razor(55,9): warning RZ10012: Found markup element with unexpected name 'NoItemsTemplate'. If this is intended to be a component, add a @using directive for its namespace. [C:\Users\user\source\repos\Pollon\Pollon.Backoffice.Web\Pollon.Backoffice.Web.csproj]
C:\Users\user\source\repos\Pollon\Pollon.Backoffice.Web\Components\Pages\ContentItems.razor(55,9): error RZ9996: Unrecognized child content inside component 'MudTable'. The component 'MudTable' accepts child content through the following top-level items: 'RowTemplate', 'ChildRowContent', 'RowEditingTemplate', 'Columns', 'NoRecordsContent', 'LoadingContent', 'LoadingContentBody', 'GroupHeaderTemplate', 'GroupFooterTemplate', 'ToolBarContent', 'HeaderContent', 'FooterContent', 'ColGroup', 'PagerContent', 'EditButtonContent'. [C:\Users\user\source\repos\Pollon\Pollon.Backoffice.Web\Pollon.Backoffice.Web.csproj]
C:\Users\user\source\repos\Pollon\Pollon.Backoffice.Web\Components\Pages\ContentTypes.razor(47,9): warning RZ10012: Found markup element with unexpected name 'NoItemsTemplate'. If this is intended to be a component, add a @using directive for its namespace. [C:\Users\user\source\repos\Pollon\Pollon.Backoffice.Web\Pollon.Backoffice.Web.csproj]
C:\Users\user\source\repos\Pollon\Pollon.Backoffice.Web\Components\Pages\ContentTypes.razor(47,9): error RZ9996: Unrecognized child content inside component 'MudTable'. The component 'MudTable' accepts child content through the following top-level items: 'RowTemplate', 'ChildRowContent', 'RowEditingTemplate', 'Columns', 'NoRecordsContent', 'LoadingContent', 'LoadingContentBody', 'GroupHeaderTemplate', 'GroupFooterTemplate', 'ToolBarContent', 'HeaderContent', 'FooterContent', 'ColGroup', 'PagerContent', 'EditButtonContent'. [C:\Users\user\source\repos\Pollon\Pollon.Backoffice.Web\Pollon.Backoffice.Web.csproj]
C:\Users\user\source\repos\Pollon\Pollon.Backoffice.Web\Components\Pages\EditContentType.razor(63,29): error RZ9999: The child content element 'RowTemplate' of component 'MudTable' uses the same parameter name ('context') as enclosing child content element 'ChildContent' of component 'EditForm'. Specify the parameter name like: '<RowTemplate Context="another_name"> to resolve the ambiguity [C:\Users\user\source\repos\Pollon\Pollon.Backoffice.Web\Pollon.Backoffice.Web.csproj]
C:\Users\user\source\repos\Pollon\Pollon.Backoffice.Web\Components\Layout\MainLayout.razor(50,27): error CS0246: Il nome di tipo o di spazio dei nomi 'Default' non ├¿ stato trovato. Probabilmente manca una direttiva using o un riferimento all'assembly. [C:\Users\user\source\repos\Pollon\Pollon.Backoffice.Web\Pollon.Backoffice.Web.csproj]
C:\Users\user\source\repos\Pollon\Pollon.Backoffice.Web\Program.cs(14,18): error CS1061: 'IServiceCollection' non contiene una definizione di 'AddMudServices' e non ├¿ stato trovato alcun metodo di estensione accessibile 'AddMudServices' che accetta un primo argomento di tipo 'IServiceCollection'. Probabilmente manca una direttiva using o un riferimento all'assembly. [C:\Users\user\source\repos\Pollon\Pollon.Backoffice.Web\Pollon.Backoffice.Web.csproj]
C:\Users\user\source\repos\Pollon\Pollon.Backoffice.Web\Components\Pages\EditContentType.razor(30,168): error CS0103: Il nome 'OnDisplayNameChanged' non esiste nel contesto corrente [C:\Users\user\source\repos\Pollon\Pollon.Backoffice.Web\Pollon.Backoffice.Web.csproj]
C:\Users\user\source\repos\Pollon\Pollon.Backoffice.Web\obj\Debug\net10.0\Microsoft.CodeAnalysis.Razor.Compiler\Microsoft.NET.Sdk.Razor.SourceGenerators.RazorSourceGenerator\Components_Pages_EditContentType_razor.g.cs(301,185): error CS1662: Non ├¿ possibile convertire 'espressione lambda' nel tipo delegato previsto perch├® alcuni dei tipi restituiti nel blocco non sono convertibili in modo implicito nel tipo restituito del delegato [C:\Users\user\source\repos\Pollon\Pollon.Backoffice.Web\Pollon.Backoffice.Web.csproj]
C:\Users\user\source\repos\Pollon\Pollon.Backoffice.Web\Components\Pages\EditContentItem.razor(60,143): error CS8917: Non ├¿ possibile dedurre il tipo di delegato. [C:\Users\user\source\repos\Pollon\Pollon.Backoffice.Web\Pollon.Backoffice.Web.csproj]
C:\Users\user\source\repos\Pollon\Pollon.Backoffice.Web\obj\Debug\net10.0\Microsoft.CodeAnalysis.Razor.Compiler\Microsoft.NET.Sdk.Razor.SourceGenerators.RazorSourceGenerator\Components_Pages_EditContentItem_razor.g.cs(321,185): error CS1662: Non ├¿ possibile convertire 'espressione lambda' nel tipo delegato previsto perch├® alcuni dei tipi restituiti nel blocco non sono convertibili in modo implicito nel tipo restituito del delegato [C:\Users\user\source\repos\Pollon\Pollon.Backoffice.Web\Pollon.Backoffice.Web.csproj]
C:\Users\user\source\repos\Pollon\Pollon.Backoffice.Web\Components\Pages\EditContentItem.razor(155,75): error CS0117: 'Icons.Material.Filled' non contiene una definizione per 'Icons' [C:\Users\user\source\repos\Pollon\Pollon.Backoffice.Web\Pollon.Backoffice.Web.csproj]
C:\Users\user\source\repos\Pollon\Pollon.Backoffice.Web\Components\Layout\MainLayout.razor(1,1): warning MUD0002: Illegal Attribute 'Link' on 'MudIconButton' using pattern 'LowerCase' source location '(338,24)-(338,109)' (https://mudblazor.com/features/analyzers) [C:\Users\user\source\repos\Pollon\Pollon.Backoffice.Web\Pollon.Backoffice.Web.csproj]
C:\Users\user\source\repos\Pollon\Pollon.Backoffice.Web\Components\Pages\ContentItems.razor(1,1): warning MUD0002: Illegal Attribute 'Link' on 'MudButton' using pattern 'LowerCase' source location '(393,12)-(393,76)' (https://mudblazor.com/features/analyzers) [C:\Users\user\source\repos\Pollon\Pollon.Backoffice.Web\Pollon.Backoffice.Web.csproj]
C:\Users\user\source\repos\Pollon\Pollon.Backoffice.Web\Components\Pages\ContentTypes.razor(1,1): warning MUD0002: Illegal Attribute 'Link' on 'MudButton' using pattern 'LowerCase' source location '(231,12)-(231,76)' (https://mudblazor.com/features/analyzers) [C:\Users\user\source\repos\Pollon\Pollon.Backoffice.Web\Pollon.Backoffice.Web.csproj]
C:\Users\user\source\repos\Pollon\Pollon.Backoffice.Web\Components\Pages\ContentTypes.razor(1,1): warning MUD0002: Illegal Attribute 'Link' on 'MudIconButton' using pattern 'LowerCase' source location '(721,20)-(729,21)' (https://mudblazor.com/features/analyzers) [C:\Users\user\source\repos\Pollon\Pollon.Backoffice.Web\Pollon.Backoffice.Web.csproj]
C:\Users\user\source\repos\Pollon\Pollon.Backoffice.Web\Components\Pages\ContentItems.razor(1,1): warning MUD0002: Illegal Attribute 'Link' on 'MudIconButton' using pattern 'LowerCase' source location '(921,20)-(929,21)' (https://mudblazor.com/features/analyzers) [C:\Users\user\source\repos\Pollon\Pollon.Backoffice.Web\Pollon.Backoffice.Web.csproj]
C:\Users\user\source\repos\Pollon\Pollon.Backoffice.Web\Components\Pages\EditContentType.razor(1,1): warning MUD0002: Illegal Attribute 'Link' on 'MudButton' using pattern 'LowerCase' source location '(1338,24)-(1338,86)' (https://mudblazor.com/features/analyzers) [C:\Users\user\source\repos\Pollon\Pollon.Backoffice.Web\Pollon.Backoffice.Web.csproj]
C:\Users\user\source\repos\Pollon\Pollon.Backoffice.Web\Components\Pages\EditContentItem.razor(1,1): warning MUD0002: Illegal Attribute 'IsVisible' on 'MudDialog' using pattern 'LowerCase' source location '(2573,12)-(2581,13)' (https://mudblazor.com/features/analyzers) [C:\Users\user\source\repos\Pollon\Pollon.Backoffice.Web\Pollon.Backoffice.Web.csproj]
C:\Users\user\source\repos\Pollon\Pollon.Backoffice.Web\Components\Pages\EditContentItem.razor(1,1): warning MUD0002: Illegal Attribute 'IsVisibleChanged' on 'MudDialog' using pattern 'LowerCase' source location '(2582,12)-(2582,228)' (https://mudblazor.com/features/analyzers) [C:\Users\user\source\repos\Pollon\Pollon.Backoffice.Web\Pollon.Backoffice.Web.csproj]
C:\Users\user\source\repos\Pollon\Pollon.Backoffice.Web\Components\Pages\EditContentItem.razor(1,1): warning MUD0002: Illegal Attribute 'Checked' on 'MudSwitch' using pattern 'LowerCase' source location '(762,40)-(770,41)' (https://mudblazor.com/features/analyzers) [C:\Users\user\source\repos\Pollon\Pollon.Backoffice.Web\Pollon.Backoffice.Web.csproj]
C:\Users\user\source\repos\Pollon\Pollon.Backoffice.Web\Components\Pages\EditContentItem.razor(1,1): warning MUD0002: Illegal Attribute 'Link' on 'MudButton' using pattern 'LowerCase' source location '(2472,24)-(2472,86)' (https://mudblazor.com/features/analyzers) [C:\Users\user\source\repos\Pollon\Pollon.Backoffice.Web\Pollon.Backoffice.Web.csproj]

Compilazione NON RIUSCITA.

C:\Users\user\source\repos\Pollon\Pollon.Backoffice.Web\Components\Pages\ContentItems.razor(55,9): warning RZ10012: Found markup element with unexpected name 'NoItemsTemplate'. If this is intended to be a component, add a @using directive for its namespace. [C:\Users\user\source\repos\Pollon\Pollon.Backoffice.Web\Pollon.Backoffice.Web.csproj]
C:\Users\user\source\repos\Pollon\Pollon.Backoffice.Web\Components\Pages\ContentTypes.razor(47,9): warning RZ10012: Found markup element with unexpected name 'NoItemsTemplate'. If this is intended to be a component, add a @using directive for its namespace. [C:\Users\user\source\repos\Pollon\Pollon.Backoffice.Web\Pollon.Backoffice.Web.csproj]
C:\Users\user\source\repos\Pollon\Pollon.Backoffice.Web\Components\Layout\MainLayout.razor(1,1): warning MUD0002: Illegal Attribute 'Link' on 'MudIconButton' using pattern 'LowerCase' source location '(338,24)-(338,109)' (https://mudblazor.com/features/analyzers) [C:\Users\user\source\repos\Pollon\Pollon.Backoffice.Web\Pollon.Backoffice.Web.csproj]
C:\Users\user\source\repos\Pollon\Pollon.Backoffice.Web\Components\Pages\ContentItems.razor(1,1): warning MUD0002: Illegal Attribute 'Link' on 'MudButton' using pattern 'LowerCase' source location '(393,12)-(393,76)' (https://mudblazor.com/features/analyzers) [C:\Users\user\source\repos\Pollon\Pollon.Backoffice.Web\Pollon.Backoffice.Web.csproj]
C:\Users\user\source\repos\Pollon\Pollon.Backoffice.Web\Components\Pages\ContentTypes.razor(1,1): warning MUD0002: Illegal Attribute 'Link' on 'MudButton' using pattern 'LowerCase' source location '(231,12)-(231,76)' (https://mudblazor.com/features/analyzers) [C:\Users\user\source\repos\Pollon\Pollon.Backoffice.Web\Pollon.Backoffice.Web.csproj]
C:\Users\user\source\repos\Pollon\Pollon.Backoffice.Web\Components\Pages\ContentTypes.razor(1,1): warning MUD0002: Illegal Attribute 'Link' on 'MudIconButton' using pattern 'LowerCase' source location '(721,20)-(729,21)' (https://mudblazor.com/features/analyzers) [C:\Users\user\source\repos\Pollon\Pollon.Backoffice.Web\Pollon.Backoffice.Web.csproj]
C:\Users\user\source\repos\Pollon\Pollon.Backoffice.Web\Components\Pages\ContentItems.razor(1,1): warning MUD0002: Illegal Attribute 'Link' on 'MudIconButton' using pattern 'LowerCase' source location '(921,20)-(929,21)' (https://mudblazor.com/features/analyzers) [C:\Users\user\source\repos\Pollon\Pollon.Backoffice.Web\Pollon.Backoffice.Web.csproj]
C:\Users\user\source\repos\Pollon\Pollon.Backoffice.Web\Components\Pages\EditContentType.razor(1,1): warning MUD0002: Illegal Attribute 'Link' on 'MudButton' using pattern 'LowerCase' source location '(1338,24)-(1338,86)' (https://mudblazor.com/features/analyzers) [C:\Users\user\source\repos\Pollon\Pollon.Backoffice.Web\Pollon.Backoffice.Web.csproj]
C:\Users\user\source\repos\Pollon\Pollon.Backoffice.Web\Components\Pages\EditContentItem.razor(1,1): warning MUD0002: Illegal Attribute 'IsVisible' on 'MudDialog' using pattern 'LowerCase' source location '(2573,12)-(2581,13)' (https://mudblazor.com/features/analyzers) [C:\Users\user\source\repos\Pollon\Pollon.Backoffice.Web\Pollon.Backoffice.Web.csproj]
C:\Users\user\source\repos\Pollon\Pollon.Backoffice.Web\Components\Pages\EditContentItem.razor(1,1): warning MUD0002: Illegal Attribute 'IsVisibleChanged' on 'MudDialog' using pattern 'LowerCase' source location '(2582,12)-(2582,228)' (https://mudblazor.com/features/analyzers) [C:\Users\user\source\repos\Pollon\Pollon.Backoffice.Web\Pollon.Backoffice.Web.csproj]
C:\Users\user\source\repos\Pollon\Pollon.Backoffice.Web\Components\Pages\EditContentItem.razor(1,1): warning MUD0002: Illegal Attribute 'Checked' on 'MudSwitch' using pattern 'LowerCase' source location '(762,40)-(770,41)' (https://mudblazor.com/features/analyzers) [C:\Users\user\source\repos\Pollon\Pollon.Backoffice.Web\Pollon.Backoffice.Web.csproj]
C:\Users\user\source\repos\Pollon\Pollon.Backoffice.Web\Components\Pages\EditContentItem.razor(1,1): warning MUD0002: Illegal Attribute 'Link' on 'MudButton' using pattern 'LowerCase' source location '(2472,24)-(2472,86)' (https://mudblazor.com/features/analyzers) [C:\Users\user\source\repos\Pollon\Pollon.Backoffice.Web\Pollon.Backoffice.Web.csproj]
C:\Users\user\source\repos\Pollon\Pollon.Backoffice.Web\Components\Pages\ContentItems.razor(55,9): error RZ9996: Unrecognized child content inside component 'MudTable'. The component 'MudTable' accepts child content through the following top-level items: 'RowTemplate', 'ChildRowContent', 'RowEditingTemplate', 'Columns', 'NoRecordsContent', 'LoadingContent', 'LoadingContentBody', 'GroupHeaderTemplate', 'GroupFooterTemplate', 'ToolBarContent', 'HeaderContent', 'FooterContent', 'ColGroup', 'PagerContent', 'EditButtonContent'. [C:\Users\user\source\repos\Pollon\Pollon.Backoffice.Web\Pollon.Backoffice.Web.csproj]
C:\Users\user\source\repos\Pollon\Pollon.Backoffice.Web\Components\Pages\ContentTypes.razor(47,9): error RZ9996: Unrecognized child content inside component 'MudTable'. The component 'MudTable' accepts child content through the following top-level items: 'RowTemplate', 'ChildRowContent', 'RowEditingTemplate', 'Columns', 'NoRecordsContent', 'LoadingContent', 'LoadingContentBody', 'GroupHeaderTemplate', 'GroupFooterTemplate', 'ToolBarContent', 'HeaderContent', 'FooterContent', 'ColGroup', 'PagerContent', 'EditButtonContent'. [C:\Users\user\source\repos\Pollon\Pollon.Backoffice.Web\Pollon.Backoffice.Web.csproj]
C:\Users\user\source\repos\Pollon\Pollon.Backoffice.Web\Components\Pages\EditContentType.razor(63,29): error RZ9999: The child content element 'RowTemplate' of component 'MudTable' uses the same parameter name ('context') as enclosing child content element 'ChildContent' of component 'EditForm'. Specify the parameter name like: '<RowTemplate Context="another_name"> to resolve the ambiguity [C:\Users\user\source\repos\Pollon\Pollon.Backoffice.Web\Pollon.Backoffice.Web.csproj]
C:\Users\user\source\repos\Pollon\Pollon.Backoffice.Web\Components\Layout\MainLayout.razor(50,27): error CS0246: Il nome di tipo o di spazio dei nomi 'Default' non ├¿ stato trovato. Probabilmente manca una direttiva using o un riferimento all'assembly. [C:\Users\user\source\repos\Pollon\Pollon.Backoffice.Web\Pollon.Backoffice.Web.csproj]
C:\Users\user\source\repos\Pollon\Pollon.Backoffice.Web\Program.cs(14,18): error CS1061: 'IServiceCollection' non contiene una definizione di 'AddMudServices' e non ├¿ stato trovato alcun metodo di estensione accessibile 'AddMudServices' che accetta un primo argomento di tipo 'IServiceCollection'. Probabilmente manca una direttiva using o un riferimento all'assembly. [C:\Users\user\source\repos\Pollon\Pollon.Backoffice.Web\Pollon.Backoffice.Web.csproj]
C:\Users\user\source\repos\Pollon\Pollon.Backoffice.Web\Components\Pages\EditContentType.razor(30,168): error CS0103: Il nome 'OnDisplayNameChanged' non esiste nel contesto corrente [C:\Users\user\source\repos\Pollon\Pollon.Backoffice.Web\Pollon.Backoffice.Web.csproj]
C:\Users\user\source\repos\Pollon\Pollon.Backoffice.Web\obj\Debug\net10.0\Microsoft.CodeAnalysis.Razor.Compiler\Microsoft.NET.Sdk.Razor.SourceGenerators.RazorSourceGenerator\Components_Pages_EditContentType_razor.g.cs(301,185): error CS1662: Non ├¿ possibile convertire 'espressione lambda' nel tipo delegato previsto perch├® alcuni dei tipi restituiti nel blocco non sono convertibili in modo implicito nel tipo restituito del delegato [C:\Users\user\source\repos\Pollon\Pollon.Backoffice.Web\Pollon.Backoffice.Web.csproj]
C:\Users\user\source\repos\Pollon\Pollon.Backoffice.Web\Components\Pages\EditContentItem.razor(60,143): error CS8917: Non ├¿ possibile dedurre il tipo di delegato. [C:\Users\user\source\repos\Pollon\Pollon.Backoffice.Web\Pollon.Backoffice.Web.csproj]
C:\Users\user\source\repos\Pollon\Pollon.Backoffice.Web\obj\Debug\net10.0\Microsoft.CodeAnalysis.Razor.Compiler\Microsoft.NET.Sdk.Razor.SourceGenerators.RazorSourceGenerator\Components_Pages_EditContentItem_razor.g.cs(321,185): error CS1662: Non ├¿ possibile convertire 'espressione lambda' nel tipo delegato previsto perch├® alcuni dei tipi restituiti nel blocco non sono convertibili in modo implicito nel tipo restituito del delegato [C:\Users\user\source\repos\Pollon\Pollon.Backoffice.Web\Pollon.Backoffice.Web.csproj]
C:\Users\user\source\repos\Pollon\Pollon.Backoffice.Web\Components\Pages\EditContentItem.razor(155,75): error CS0117: 'Icons.Material.Filled' non contiene una definizione per 'Icons' [C:\Users\user\source\repos\Pollon\Pollon.Backoffice.Web\Pollon.Backoffice.Web.csproj]
    Avvisi: 12
    Errori: 10

Tempo trascorso 00:00:02.94
