  Individuazione dei progetti da ripristinare...
C:\Users\user\source\repos\Pollon\Pollon.Backoffice.Web\Pollon.Backoffice.Web.csproj : warning NU1510: Microsoft.AspNetCore.Authentication.Cookies PackageReference non verr├á rimosso. ├ê consigliabile rimuovere questo pacchetto dalle dipendenze, poich├® ├¿ probabile che non sia necessario.
  Tutti i progetti sono aggiornati per il ripristino.
C:\Users\user\source\repos\Pollon\Pollon.Backoffice.Web\Pollon.Backoffice.Web.csproj : warning NU1510: Microsoft.AspNetCore.Authentication.Cookies PackageReference non verr├á rimosso. ├ê consigliabile rimuovere questo pacchetto dalle dipendenze, poich├® ├¿ probabile che non sia necessario.
  Pollon.ServiceDefaults -> C:\Users\user\source\repos\Pollon\Pollon.ServiceDefaults\bin\Debug\net10.0\Pollon.ServiceDefaults.dll
  Pollon.Backoffice -> C:\Users\user\source\repos\Pollon\Pollon.Backoffice\bin\Debug\net10.0\Pollon.Backoffice.dll
C:\Users\user\source\repos\Pollon\Pollon.Backoffice.Web\Components\App.razor(25,5): warning RZ10012: Found markup element with unexpected name 'PersistComponentState'. If this is intended to be a component, add a @using directive for its namespace. [C:\Users\user\source\repos\Pollon\Pollon.Backoffice.Web\Pollon.Backoffice.Web.csproj]
C:\Users\user\source\repos\Pollon\Pollon.Backoffice.Web\Components\Pages\EditContentItem.razor(51,65): error RZ10010: The component parameter 'OnClick' is used two or more times for this component. Parameters must be unique (case-insensitive). The component parameter 'OnClick' is generated by the '@onclick:stopPropagation' directive attribute. [C:\Users\user\source\repos\Pollon\Pollon.Backoffice.Web\Pollon.Backoffice.Web.csproj]
C:\Users\user\source\repos\Pollon\Pollon.Backoffice.Web\Components\Pages\MediaGalleries.razor(23,148): warning CS8602: Dereferenziamento di un possibile riferimento Null. [C:\Users\user\source\repos\Pollon\Pollon.Backoffice.Web\Pollon.Backoffice.Web.csproj]
C:\Users\user\source\repos\Pollon\Pollon.Backoffice.Web\Components\Pages\ContentItems.razor(49,81): warning CS8620: Non ├¿ possibile usare l'argomento di tipo 'IReadOnlyCollection<ITreeItemData<ContentItem>>' per il parametro '__arg0' di tipo 'IReadOnlyCollection<ITreeItemData<ContentItem?>>' in 'void TypeInference.CreateMudTreeViewItem_5<ContentItem?>(RenderTreeBuilder __builder, int seq, int __seq0, IReadOnlyCollection<ITreeItemData<ContentItem?>> __arg0, int __seq1, ContentItem? __arg1, int __seq2, bool __arg2, int __seq3, EventCallback<bool> __arg3, int __seq4, RenderFragment __arg4)' a causa delle differenze nel supporto dei valori Null dei tipi riferimento. [C:\Users\user\source\repos\Pollon\Pollon.Backoffice.Web\Pollon.Backoffice.Web.csproj]
C:\Users\user\source\repos\Pollon\Pollon.Backoffice.Web\Components\Pages\EditContentItem.razor(178,57): warning CS8604: Possibile argomento di riferimento Null per il parametro 'callback' in 'EventCallback<MouseEventArgs> EventCallbackFactory.Create<MouseEventArgs>(object receiver, Action callback)'. [C:\Users\user\source\repos\Pollon\Pollon.Backoffice.Web\Pollon.Backoffice.Web.csproj]

Compilazione NON RIUSCITA.

C:\Users\user\source\repos\Pollon\Pollon.Backoffice.Web\Pollon.Backoffice.Web.csproj : warning NU1510: Microsoft.AspNetCore.Authentication.Cookies PackageReference non verr├á rimosso. ├ê consigliabile rimuovere questo pacchetto dalle dipendenze, poich├® ├¿ probabile che non sia necessario.
C:\Users\user\source\repos\Pollon\Pollon.Backoffice.Web\Pollon.Backoffice.Web.csproj : warning NU1510: Microsoft.AspNetCore.Authentication.Cookies PackageReference non verr├á rimosso. ├ê consigliabile rimuovere questo pacchetto dalle dipendenze, poich├® ├¿ probabile che non sia necessario.
C:\Users\user\source\repos\Pollon\Pollon.Backoffice.Web\Components\App.razor(25,5): warning RZ10012: Found markup element with unexpected name 'PersistComponentState'. If this is intended to be a component, add a @using directive for its namespace. [C:\Users\user\source\repos\Pollon\Pollon.Backoffice.Web\Pollon.Backoffice.Web.csproj]
C:\Users\user\source\repos\Pollon\Pollon.Backoffice.Web\Components\Pages\MediaGalleries.razor(23,148): warning CS8602: Dereferenziamento di un possibile riferimento Null. [C:\Users\user\source\repos\Pollon\Pollon.Backoffice.Web\Pollon.Backoffice.Web.csproj]
C:\Users\user\source\repos\Pollon\Pollon.Backoffice.Web\Components\Pages\ContentItems.razor(49,81): warning CS8620: Non ├¿ possibile usare l'argomento di tipo 'IReadOnlyCollection<ITreeItemData<ContentItem>>' per il parametro '__arg0' di tipo 'IReadOnlyCollection<ITreeItemData<ContentItem?>>' in 'void TypeInference.CreateMudTreeViewItem_5<ContentItem?>(RenderTreeBuilder __builder, int seq, int __seq0, IReadOnlyCollection<ITreeItemData<ContentItem?>> __arg0, int __seq1, ContentItem? __arg1, int __seq2, bool __arg2, int __seq3, EventCallback<bool> __arg3, int __seq4, RenderFragment __arg4)' a causa delle differenze nel supporto dei valori Null dei tipi riferimento. [C:\Users\user\source\repos\Pollon\Pollon.Backoffice.Web\Pollon.Backoffice.Web.csproj]
C:\Users\user\source\repos\Pollon\Pollon.Backoffice.Web\Components\Pages\EditContentItem.razor(178,57): warning CS8604: Possibile argomento di riferimento Null per il parametro 'callback' in 'EventCallback<MouseEventArgs> EventCallbackFactory.Create<MouseEventArgs>(object receiver, Action callback)'. [C:\Users\user\source\repos\Pollon\Pollon.Backoffice.Web\Pollon.Backoffice.Web.csproj]
C:\Users\user\source\repos\Pollon\Pollon.Backoffice.Web\Components\Pages\EditContentItem.razor(51,65): error RZ10010: The component parameter 'OnClick' is used two or more times for this component. Parameters must be unique (case-insensitive). The component parameter 'OnClick' is generated by the '@onclick:stopPropagation' directive attribute. [C:\Users\user\source\repos\Pollon\Pollon.Backoffice.Web\Pollon.Backoffice.Web.csproj]
    Avvisi: 6
    Errori: 1

Tempo trascorso 00:00:03.38
