  Individuazione dei progetti da ripristinare...
  Tutti i progetti sono aggiornati per il ripristino.
  Pollon.Contracts -> C:\Users\user\source\repos\Pollon\Pollon.Contracts\bin\Debug\net10.0\Pollon.Contracts.dll
  Pollon.Backoffice -> C:\Users\user\source\repos\Pollon\Pollon.Backoffice\bin\Debug\net10.0\Pollon.Backoffice.dll
  Pollon.ServiceDefaults -> C:\Users\user\source\repos\Pollon\Pollon.ServiceDefaults\bin\Debug\net10.0\Pollon.ServiceDefaults.dll
C:\Users\user\source\repos\Pollon\Pollon.Backoffice.Api\Services\ContentItemService.cs(14,22): error CS0246: Il nome di tipo o di spazio dei nomi 'IMongoClient' non ├¿ stato trovato. Probabilmente manca una direttiva using o un riferimento all'assembly. [C:\Users\user\source\repos\Pollon\Pollon.Backoffice.Api\Pollon.Backoffice.Api.csproj]
C:\Users\user\source\repos\Pollon\Pollon.Backoffice.Api\Services\ContentItemService.cs(20,9): error CS0246: Il nome di tipo o di spazio dei nomi 'IMongoClient' non ├¿ stato trovato. Probabilmente manca una direttiva using o un riferimento all'assembly. [C:\Users\user\source\repos\Pollon\Pollon.Backoffice.Api\Pollon.Backoffice.Api.csproj]
  Pollon.Web -> C:\Users\user\source\repos\Pollon\Pollon.Web\bin\Debug\net10.0\Pollon.Web.dll
C:\Users\user\source\repos\Pollon\Pollon.ApiService\Program.cs(44,9): error CS1929: 'IRabbitMqBusFactoryConfigurator' non contiene una definizione per 'UseEntityFrameworkOutbox' e il miglior overload 'EntityFrameworkOutboxConfigurationExtensions.UseEntityFrameworkOutbox<ApiDbContext>(IReceiveEndpointConfigurator, IRegistrationContext, Action<IOutboxOptionsConfigurator>?)' del metodo di estensione richiede un ricevitore di tipo 'MassTransit.IReceiveEndpointConfigurator' [C:\Users\user\source\repos\Pollon\Pollon.ApiService\Pollon.ApiService.csproj]

Compilazione NON RIUSCITA.

C:\Users\user\source\repos\Pollon\Pollon.Backoffice.Api\Services\ContentItemService.cs(14,22): error CS0246: Il nome di tipo o di spazio dei nomi 'IMongoClient' non ├¿ stato trovato. Probabilmente manca una direttiva using o un riferimento all'assembly. [C:\Users\user\source\repos\Pollon\Pollon.Backoffice.Api\Pollon.Backoffice.Api.csproj]
C:\Users\user\source\repos\Pollon\Pollon.Backoffice.Api\Services\ContentItemService.cs(20,9): error CS0246: Il nome di tipo o di spazio dei nomi 'IMongoClient' non ├¿ stato trovato. Probabilmente manca una direttiva using o un riferimento all'assembly. [C:\Users\user\source\repos\Pollon\Pollon.Backoffice.Api\Pollon.Backoffice.Api.csproj]
C:\Users\user\source\repos\Pollon\Pollon.ApiService\Program.cs(44,9): error CS1929: 'IRabbitMqBusFactoryConfigurator' non contiene una definizione per 'UseEntityFrameworkOutbox' e il miglior overload 'EntityFrameworkOutboxConfigurationExtensions.UseEntityFrameworkOutbox<ApiDbContext>(IReceiveEndpointConfigurator, IRegistrationContext, Action<IOutboxOptionsConfigurator>?)' del metodo di estensione richiede un ricevitore di tipo 'MassTransit.IReceiveEndpointConfigurator' [C:\Users\user\source\repos\Pollon\Pollon.ApiService\Pollon.ApiService.csproj]
    Avvisi: 0
    Errori: 3

Tempo trascorso 00:00:03.48
